{
    "__test_output": Int64(
        1,
    ),
    "types": {
        "let __test_output": Int64,
    },
}