{
    "compile_errors": [],
    "decls": {
        "type Foo": {
        	bar Float64,
        },
    },
    "queries": [],
}