{
    "compile_errors": [],
    "decls": {
        "let events": External<[{
        	description Utf8,
        	ts Utf8,
        	user_id Int64,
        }]>,
        "let foo": [{
        	description Utf8,
        	ts Utf8,
        	user_id Int64,
        	active Boolean,
        	id Int64,
        	name Utf8,
        	org_id Int64,
        }],
        "let users": External<[{
        	active Boolean,
        	id Int64,
        	name Utf8,
        	org_id Int64,
        }]>,
    },
    "queries": [
        Ok(
            TypedValue {
                type_: List(
                    Record(
                        [
                            Field {
                                name: "user_id",
                                type_: Atom(
                                    Int64,
                                ),
                                nullable: true,
                            },
                        ],
                    ),
                ),
                value: "| user_id |\n|---------|\n| 1       |\n| 2       |\n| 1       |\n| 2       |",
            },
        ),
    ],
}