{
    "compile_errors": [
        (
            None,
            NoSuchEntry {
                path: [
                    "invalid_field",
                ],
                backtrace: None,
            },
        ),
    ],
    "decls": {
        "let events": External<[{
        	description Utf8,
        	ts Utf8,
        	user_id Int64,
        }]>,
        "let users": External<[{
        	active Boolean,
        	id Int64,
        	name Utf8,
        	org_id Int64,
        }]>,
    },
    "queries": [
        Err(
            StringError {
                what: "Unknown type cannot exist at runtime (?slot?)",
                backtrace: None,
            },
        ),
    ],
}